******************************************************************************
                  TI ARM Linker PC v18.1.1                     
******************************************************************************
>> Linked Mon Jun 26 21:54:29 2023

OUTPUT FILE NAME:   <tt.out>
ENTRY POINT SYMBOL: "_c_int00_noargs"  address: 00002149


MEMORY CONFIGURATION

         name            origin    length      used     unused   attr    fill
----------------------  --------  ---------  --------  --------  ----  --------
  FLASH                 00000000   00040000  00002582  0003da7e  R  X
  SRAM                  20000000   00008000  000004ef  00007b11  RW X


SEGMENT ALLOCATION MAP

run origin  load origin   length   init length attrs members
----------  ----------- ---------- ----------- ----- -------
00000000    00000000    00002588   00002588    r-x
  00000000    00000000    0000026c   0000026c    r-- .intvecs
  0000026c    0000026c    0000218a   0000218a    r-x .text
  000023f8    000023f8    00000114   00000114    r-- .const
  00002510    00002510    00000078   00000078    r-- .cinit
20000000    20000000    000004f6   00000000    rw-
  20000000    20000000    0000026c   00000000    rw- .vtable
  20000270    20000270    00000200   00000000    rw- .stack
  20000470    20000470    00000061   00000000    rw- .data
  200004d4    200004d4    00000022   00000000    rw- .bss


SECTION ALLOCATION MAP

 output                                  attributes/
section   page    origin      length       input sections
--------  ----  ----------  ----------   ----------------
.intvecs   0    00000000    0000026c     
                  00000000    0000026c     tm4c123gh6pm_startup_ccs.obj (.intvecs)

.text      0    0000026c    0000218a     
                  0000026c    000009f8     buct_hal.obj (.text)
                  00000c64    00000674     main.obj (.text)
                  000012d8    00000554     PS2.obj (.text)
                  0000182c    0000049c     uartstdio.obj (.text)
                  00001cc8    00000104     driverlib.lib : sysctl.obj (.text:SysCtlClockSet)
                  00001dcc    000000b8                   : gpio.obj (.text:GPIOPadConfigSet)
                  00001e84    000000b4                   : sysctl.obj (.text:SysCtlClockGet)
                  00001f38    0000009c     rtsv7M4_T_le_v4SPD16_eabi.lib : memcpy_t2.asm.obj (.text)
                  00001fd4    00000068                                   : copy_decompress_lzss.c.obj (.text:decompress:lzss:__TI_decompress_lzss)
                  0000203c    00000048     driverlib.lib : gpio.obj (.text:GPIOPinConfigure)
                  00002084    00000044     rtsv7M4_T_le_v4SPD16_eabi.lib : autoinit.c.obj (.text:__TI_auto_init_nobinit_nopinit:__TI_auto_init_nobinit_nopinit)
                  000020c8    00000040     driverlib.lib : uart.obj (.text:UARTConfigSetExpClk)
                  00002108    00000040     rtsv7M4_T_le_v4SPD16_eabi.lib : u_divt2.asm.obj (.text)
                  00002148    00000038                                   : boot_cortex_m.c.obj (.text:_c_int00_noargs:_c_int00_noargs)
                  00002180    00000034     driverlib.lib : interrupt.obj (.text:IntRegister)
                  000021b4    00000034                   : sysctl.obj (.text:SysCtlPeripheralEnable)
                  000021e8    00000034                   : sysctl.obj (.text:SysCtlPeripheralPresent)
                  0000221c    0000002a                   : gpio.obj (.text:GPIODirModeSet)
                  00002246    00000022                   : pwm.obj (.text:PWMGenConfigure)
                  00002268    0000001e                   : pwm.obj (.text:PWMPulseWidthSet)
                  00002286    00000002     rtsv7M4_T_le_v4SPD16_eabi.lib : div0.asm.obj (.text)
                  00002288    0000001c     driverlib.lib : systick.obj (.text:SysTickIntRegister)
                  000022a4    0000001c                   : uart.obj (.text:UARTDisable)
                  000022c0    00000014                   : systick.obj (.text:SysTickEnable)
                  000022d4    00000014                   : systick.obj (.text:SysTickIntEnable)
                  000022e8    00000014                   : uart.obj (.text:UARTEnable)
                  000022fc    00000012                   : gpio.obj (.text:GPIOPinTypeGPIOInput)
                  0000230e    00000012                   : gpio.obj (.text:GPIOPinTypeGPIOOutput)
                  00002320    00000012                   : gpio.obj (.text:GPIOPinTypePWM)
                  00002332    00000012                   : gpio.obj (.text:GPIOPinTypeUART)
                  00002344    00000012                   : pwm.obj (.text:PWMGenPeriodGet)
                  00002356    00000012                   : pwm.obj (.text:PWMOutputState)
                  00002368    00000012     rtsv7M4_T_le_v4SPD16_eabi.lib : copy_zero_init.c.obj (.text:decompress:ZI:__TI_zero_init_nomemset:__TI_zero_init_nomemset)
                  0000237a    00000010     driverlib.lib : pwm.obj (.text:PWMGenPeriodSet)
                  0000238a    00000002     --HOLE-- [fill = 0]
                  0000238c    00000010                   : systick.obj (.text:SysTickPeriodSet)
                  0000239c    0000000e     rtsv7M4_T_le_v4SPD16_eabi.lib : copy_decompress_none.c.obj (.text:decompress:none:__TI_decompress_none)
                  000023aa    0000000c     driverlib.lib : pwm.obj (.text:PWMGenEnable)
                  000023b6    0000000c     tm4c123gh6pm_startup_ccs.obj (.text)
                  000023c2    0000000a     driverlib.lib : uart.obj (.text:UARTCharGet)
                  000023cc    0000000a                   : uart.obj (.text:UARTCharPut)
                  000023d6    00000006                   : gpio.obj (.text:GPIOPinRead)
                  000023dc    00000006                   : gpio.obj (.text:GPIOPinWrite)
                  000023e2    00000006                   : sysctl.obj (.text:SysCtlDelay)
                  000023e8    00000006                   : uart.obj (.text:UARTClockSourceSet)
                  000023ee    00000004     rtsv7M4_T_le_v4SPD16_eabi.lib : pre_init.c.obj (.text:_system_pre_init)
                  000023f2    00000004                                   : exit.c.obj (.text:abort:abort)

.const     0    000023f8    00000114     
                  000023f8    00000078     driverlib.lib : gpio.obj (.const:g_pui32GPIOBaseAddrs)
                  00002470    0000006c                   : sysctl.obj (.const:g_pui32Xtals)
                  000024dc    00000012     uartstdio.obj (.const:.string)
                  000024ee    00000002     --HOLE-- [fill = 0]
                  000024f0    0000000c     uartstdio.obj (.const:g_ui32UARTBase)
                  000024fc    0000000c     uartstdio.obj (.const:g_ui32UARTPeriph)
                  00002508    00000004     uartstdio.obj (.const)

.cinit     0    00002510    00000078     
                  00002510    0000003f     (.cinit..data.load) [load image, compression = lzss]
                  0000254f    00000001     --HOLE-- [fill = 0]
                  00002550    0000000c     (__TI_handler_table)
                  0000255c    00000004     --HOLE-- [fill = 0]
                  00002560    00000008     (.cinit..bss.load) [load image, compression = zero_init]
                  00002568    00000008     (.cinit..vtable.load) [load image, compression = zero_init]
                  00002570    00000018     (__TI_cinit_table)

.init_array 
*          0    00000000    00000000     UNINITIALIZED

.vtable    0    20000000    0000026c     UNINITIALIZED
                  20000000    0000026c     driverlib.lib : interrupt.obj (.vtable)

.data      0    20000470    00000061     UNINITIALIZED
                  20000470    00000028     main.obj (.data)
                  20000498    00000020     PS2.obj (.data:MASK)
                  200004b8    00000009     PS2.obj (.data:Data)
                  200004c1    00000002     PS2.obj (.data:Comd)
                  200004c3    00000001     --HOLE--
                  200004c4    00000008     PS2.obj (.data)
                  200004cc    00000005     uartstdio.obj (.data)

.bss       0    200004d4    00000022     UNINITIALIZED
                  200004d4    00000018     main.obj (.bss)
                  200004ec    00000004     (.common:Motor1Direction)
                  200004f0    00000004     (.common:Motor2Direction)
                  200004f4    00000002     (.common:Handkey)

.stack     0    20000270    00000200     UNINITIALIZED
                  20000270    00000004     rtsv7M4_T_le_v4SPD16_eabi.lib : boot_cortex_m.c.obj (.stack)
                  20000274    000001fc     --HOLE--

MODULE SUMMARY

       Module                         code   ro data   rw data
       ------                         ----   -------   -------
    .\
       buct_hal.obj                   2552   0         8      
       main.obj                       1652   0         64     
       PS2.obj                        1364   0         53     
       uartstdio.obj                  1180   46        5      
       tm4c123gh6pm_startup_ccs.obj   12     620       0      
    +--+------------------------------+------+---------+---------+
       Total:                         6760   666       130    
                                                              
    ../driverlib.lib
       interrupt.obj                  52     0         620    
       sysctl.obj                     550    108       0      
       gpio.obj                       382    120       0      
       uart.obj                       138    0         0      
       pwm.obj                        128    0         0      
       systick.obj                    84     0         0      
    +--+------------------------------+------+---------+---------+
       Total:                         1334   228       620    
                                                              
    C:\ti\ccsv8\tools\compiler\ti-cgt-arm_18.1.1.LTS\lib\rtsv7M4_T_le_v4SPD16_eabi.lib
       memcpy_t2.asm.obj              156    0         0      
       copy_decompress_lzss.c.obj     104    0         0      
       autoinit.c.obj                 68     0         0      
       u_divt2.asm.obj                64     0         0      
       boot_cortex_m.c.obj            56     0         0      
       copy_zero_init.c.obj           18     0         0      
       copy_decompress_none.c.obj     14     0         0      
       exit.c.obj                     4      0         0      
       pre_init.c.obj                 4      0         0      
       div0.asm.obj                   2      0         0      
    +--+------------------------------+------+---------+---------+
       Total:                         490    0         0      
                                                              
       Stack:                         0      0         512    
       Linker Generated:              0      115       0      
    +--+------------------------------+------+---------+---------+
       Grand Total:                   8584   1009      1262   


LINKER GENERATED COPY TABLES

__TI_cinit_table @ 00002570 records: 3, size/record: 8, table size: 24
	.data: load addr=00002510, load size=0000003f bytes, run addr=20000470, run size=00000061 bytes, compression=lzss
	.bss: load addr=00002560, load size=00000008 bytes, run addr=200004d4, run size=00000022 bytes, compression=zero_init
	.vtable: load addr=00002568, load size=00000008 bytes, run addr=20000000, run size=0000026c bytes, compression=zero_init


LINKER GENERATED HANDLER TABLE

__TI_handler_table @ 00002550 records: 3, size/record: 4, table size: 12
	index: 0, handler: __TI_zero_init
	index: 1, handler: __TI_decompress_lzss
	index: 2, handler: __TI_decompress_none


GLOBAL SYMBOLS: SORTED ALPHABETICALLY BY Name 

address   name                          
-------   ----                          
000023f3  C$$EXIT                       
200004c1  Comd                          
200004b8  Data                          
0000221d  GPIODirModeSet                
00001dcd  GPIOPadConfigSet              
0000203d  GPIOPinConfigure              
000023d7  GPIOPinRead                   
000022fd  GPIOPinTypeGPIOInput          
0000230f  GPIOPinTypeGPIOOutput         
00002321  GPIOPinTypePWM                
00002333  GPIOPinTypeUART               
000023dd  GPIOPinWrite                  
200004f4  Handkey                       
00000ac1  HexDigit                      
00000e8f  InitConsole                   
00002181  IntRegister                   
20000498  MASK                          
200004ec  Motor1Direction               
200004f0  Motor2Direction               
20000480  Obstacle1                     
20000484  Obstacle2                     
20000488  Obstacle3                     
00001593  PS2_AnologData                
000015a7  PS2_ClearData                 
0000138f  PS2_Cmd                       
00001533  PS2_DataKey                   
00001699  PS2_EnterConfing              
0000179d  PS2_ExitConfing               
0000135b  PS2_Read                      
00001469  PS2_ReadData                  
00001433  PS2_RedLight                  
000017f7  PS2_SetInit                   
0000164d  PS2_ShortPoll                 
000016f9  PS2_TurnOnAnalogMode          
000015d9  PS2_Vibration                 
00001753  PS2_VibrationMode             
00002247  PWMGenConfigure               
000023ab  PWMGenEnable                  
00002345  PWMGenPeriodGet               
0000237b  PWMGenPeriodSet               
00002357  PWMOutputState                
00002269  PWMPulseWidthSet              
00000ee5  PWM_init                      
000023b7  ResetISR                      
00001e85  SysCtlClockGet                
00001cc9  SysCtlClockSet                
000023e3  SysCtlDelay                   
000021b5  SysCtlPeripheralEnable        
000021e9  SysCtlPeripheralPresent       
000022c1  SysTickEnable                 
000022d5  SysTickIntEnable              
00002289  SysTickIntRegister            
0000238d  SysTickPeriodSet              
00001323  SysTick_Init                  
000012f3  SysTick_IntHandler            
200004c8  System_Time_Ms                
20000478  Target_Left_Speed             
2000047c  Target_Right_Speed            
000023c3  UARTCharGet                   
000023cd  UARTCharPut                   
000023e9  UARTClockSourceSet            
000020c9  UARTConfigSetExpClk           
000022a5  UARTDisable                   
000022e9  UARTEnable                    
0000182d  UARTStdioConfig               
00001973  UARTgetc                      
000018b9  UARTgets                      
00001c93  UARTprintf                    
00001999  UARTvprintf                   
00001873  UARTwrite                     
000012d9  User_Delay_us                 
20000494  Velcity_Kd                    
20000490  Velcity_Ki                    
2000048c  Velcity_Kp                    
000010f7  Velocity_FeedbackControl0     
000011e5  Velocity_FeedbackControl1     
20000470  __STACK_END                   
00000200  __STACK_SIZE                  
20000470  __STACK_TOP                   
00002570  __TI_CINIT_Base               
00002588  __TI_CINIT_Limit              
00002550  __TI_Handler_Table_Base       
0000255c  __TI_Handler_Table_Limit      
00002085  __TI_auto_init_nobinit_nopinit
00001fd5  __TI_decompress_lzss          
0000239d  __TI_decompress_none          
ffffffff  __TI_pprof_out_hndl           
ffffffff  __TI_prof_data_size           
ffffffff  __TI_prof_data_start          
00000000  __TI_static_base__            
00002369  __TI_zero_init_nomemset       
00002287  __aeabi_idiv0                 
00002287  __aeabi_ldiv0                 
00001f39  __aeabi_memcpy                
00001f39  __aeabi_memcpy4               
00001f39  __aeabi_memcpy8               
00002109  __aeabi_uidiv                 
00002109  __aeabi_uidivmod              
ffffffff  __binit__                     
ffffffff  __c_args__                    
UNDEFED   __mpu_init                    
20000270  __stack                       
00002149  _c_int00_noargs               
UNDEFED   _system_post_cinit            
000023ef  _system_pre_init              
000023f3  abort                         
ffffffff  binit                         
000004cd  blueOff                       
000004c1  blueOn                        
0000026d  delay                         
0000046f  digitalRead                   
00000427  digitalWrite                  
00000a89  egetchar                      
00000bc9  egets                         
00000289  enableGPIO                    
00000a6d  eputchar                      
00000b41  eputd                         
00000af5  eputi                         
00000a9d  eputs                         
20000000  g_pfnRAMVectors               
00000000  g_pfnVectors                  
000007db  getMotor1Speed                
000007a7  getMotor1Velocity             
000007eb  getMotor2Speed                
000007c1  getMotor2Velocity             
00000583  getQEI0Position               
00000589  getQEI0Speed                  
0000061d  getQEI1Position               
00000631  getQEI1Speed                  
000004e5  greenOff                      
000004d9  greenOn                       
0000088d  initADC0                      
00000651  initCarPWM                    
00000511  initQEI0                      
000005b1  initQEI1                      
000009f5  initSerial                    
00001019  left_Backward                 
00000fd1  left_Forward                  
20000470  left_Speed                    
00000c65  main                          
00001f39  memcpy                        
000012fd  micros                        
000002b9  pinMode                       
0000090d  readADC                       
00000969  readTemperature               
000004b5  redOff                        
000004a9  redOn                         
000010b3  right_Backward                
00001071  right_Forward                 
20000474  right_Speed                   
00000821  setBlue                       
00000841  setGreen                      
0000072f  setMotor1                     
0000076b  setMotor2                     
000007fb  setRed                        
000004f1  sw1Pressed                    
00000501  sw2Pressed                    
200004c4  usTicks                       
00000599  waitQEI0Speed                 
00000641  waitQEI1Speed                 


GLOBAL SYMBOLS: SORTED BY Symbol Address 

address   name                          
-------   ----                          
00000000  __TI_static_base__            
00000000  g_pfnVectors                  
00000200  __STACK_SIZE                  
0000026d  delay                         
00000289  enableGPIO                    
000002b9  pinMode                       
00000427  digitalWrite                  
0000046f  digitalRead                   
000004a9  redOn                         
000004b5  redOff                        
000004c1  blueOn                        
000004cd  blueOff                       
000004d9  greenOn                       
000004e5  greenOff                      
000004f1  sw1Pressed                    
00000501  sw2Pressed                    
00000511  initQEI0                      
00000583  getQEI0Position               
00000589  getQEI0Speed                  
00000599  waitQEI0Speed                 
000005b1  initQEI1                      
0000061d  getQEI1Position               
00000631  getQEI1Speed                  
00000641  waitQEI1Speed                 
00000651  initCarPWM                    
0000072f  setMotor1                     
0000076b  setMotor2                     
000007a7  getMotor1Velocity             
000007c1  getMotor2Velocity             
000007db  getMotor1Speed                
000007eb  getMotor2Speed                
000007fb  setRed                        
00000821  setBlue                       
00000841  setGreen                      
0000088d  initADC0                      
0000090d  readADC                       
00000969  readTemperature               
000009f5  initSerial                    
00000a6d  eputchar                      
00000a89  egetchar                      
00000a9d  eputs                         
00000ac1  HexDigit                      
00000af5  eputi                         
00000b41  eputd                         
00000bc9  egets                         
00000c65  main                          
00000e8f  InitConsole                   
00000ee5  PWM_init                      
00000fd1  left_Forward                  
00001019  left_Backward                 
00001071  right_Forward                 
000010b3  right_Backward                
000010f7  Velocity_FeedbackControl0     
000011e5  Velocity_FeedbackControl1     
000012d9  User_Delay_us                 
000012f3  SysTick_IntHandler            
000012fd  micros                        
00001323  SysTick_Init                  
0000135b  PS2_Read                      
0000138f  PS2_Cmd                       
00001433  PS2_RedLight                  
00001469  PS2_ReadData                  
00001533  PS2_DataKey                   
00001593  PS2_AnologData                
000015a7  PS2_ClearData                 
000015d9  PS2_Vibration                 
0000164d  PS2_ShortPoll                 
00001699  PS2_EnterConfing              
000016f9  PS2_TurnOnAnalogMode          
00001753  PS2_VibrationMode             
0000179d  PS2_ExitConfing               
000017f7  PS2_SetInit                   
0000182d  UARTStdioConfig               
00001873  UARTwrite                     
000018b9  UARTgets                      
00001973  UARTgetc                      
00001999  UARTvprintf                   
00001c93  UARTprintf                    
00001cc9  SysCtlClockSet                
00001dcd  GPIOPadConfigSet              
00001e85  SysCtlClockGet                
00001f39  __aeabi_memcpy                
00001f39  __aeabi_memcpy4               
00001f39  __aeabi_memcpy8               
00001f39  memcpy                        
00001fd5  __TI_decompress_lzss          
0000203d  GPIOPinConfigure              
00002085  __TI_auto_init_nobinit_nopinit
000020c9  UARTConfigSetExpClk           
00002109  __aeabi_uidiv                 
00002109  __aeabi_uidivmod              
00002149  _c_int00_noargs               
00002181  IntRegister                   
000021b5  SysCtlPeripheralEnable        
000021e9  SysCtlPeripheralPresent       
0000221d  GPIODirModeSet                
00002247  PWMGenConfigure               
00002269  PWMPulseWidthSet              
00002287  __aeabi_idiv0                 
00002287  __aeabi_ldiv0                 
00002289  SysTickIntRegister            
000022a5  UARTDisable                   
000022c1  SysTickEnable                 
000022d5  SysTickIntEnable              
000022e9  UARTEnable                    
000022fd  GPIOPinTypeGPIOInput          
0000230f  GPIOPinTypeGPIOOutput         
00002321  GPIOPinTypePWM                
00002333  GPIOPinTypeUART               
00002345  PWMGenPeriodGet               
00002357  PWMOutputState                
00002369  __TI_zero_init_nomemset       
0000237b  PWMGenPeriodSet               
0000238d  SysTickPeriodSet              
0000239d  __TI_decompress_none          
000023ab  PWMGenEnable                  
000023b7  ResetISR                      
000023c3  UARTCharGet                   
000023cd  UARTCharPut                   
000023d7  GPIOPinRead                   
000023dd  GPIOPinWrite                  
000023e3  SysCtlDelay                   
000023e9  UARTClockSourceSet            
000023ef  _system_pre_init              
000023f3  C$$EXIT                       
000023f3  abort                         
00002550  __TI_Handler_Table_Base       
0000255c  __TI_Handler_Table_Limit      
00002570  __TI_CINIT_Base               
00002588  __TI_CINIT_Limit              
20000000  g_pfnRAMVectors               
20000270  __stack                       
20000470  __STACK_END                   
20000470  __STACK_TOP                   
20000470  left_Speed                    
20000474  right_Speed                   
20000478  Target_Left_Speed             
2000047c  Target_Right_Speed            
20000480  Obstacle1                     
20000484  Obstacle2                     
20000488  Obstacle3                     
2000048c  Velcity_Kp                    
20000490  Velcity_Ki                    
20000494  Velcity_Kd                    
20000498  MASK                          
200004b8  Data                          
200004c1  Comd                          
200004c4  usTicks                       
200004c8  System_Time_Ms                
200004ec  Motor1Direction               
200004f0  Motor2Direction               
200004f4  Handkey                       
ffffffff  __TI_pprof_out_hndl           
ffffffff  __TI_prof_data_size           
ffffffff  __TI_prof_data_start          
ffffffff  __binit__                     
ffffffff  __c_args__                    
ffffffff  binit                         
UNDEFED   __mpu_init                    
UNDEFED   _system_post_cinit            

[160 symbols]
